arm=A live cap=1048576 from max-record-size (want 1048576)
GATE PASSED
effective segment size = 983040 bytes
  128KB nseg=1 rt=1 load_p50=1.06ms p99=7.59ms
  256KB nseg=1 rt=1 load_p50=1.18ms p99=4.96ms
  512KB nseg=1 rt=1 load_p50=1.74ms p99=3.58ms
  960KB nseg=1 rt=1 load_p50=2.60ms p99=4.24ms
  1024KB nseg=2 rt=3 load_p50=5.35ms p99=13.54ms
  2048KB nseg=3 rt=4 load_p50=6.28ms p99=16.24ms
  4096KB nseg=5 rt=6 load_p50=11.17ms p99=14.35ms
  8128KB nseg=9 rt=10 load_p50=21.17ms p99=29.75ms
  8192KB nseg=9 rt=10 load_p50=18.56ms p99=23.47ms
  16384KB nseg=18 rt=19 load_p50=35.34ms p99=42.89ms
  32768KB nseg=35 rt=36 load_p50=72.69ms p99=83.90ms
  65536KB nseg=69 rt=70 load_p50=140.78ms p99=146.95ms
  81920KB nseg=86 rt=87 load_p50=173.07ms p99=190.09ms
=== /tmp/results_armA/armA_sweep.csv ===
size_kb,cap_bytes,nseg,round_trips,store_p50_ms,load_p50_ms,load_p99_ms,load_mbps
128,1048576,1,1,1.21,1.06,7.59,377.67
256,1048576,1,1,1.61,1.18,4.96,759.13
512,1048576,1,1,1.99,1.74,3.58,1044.89
960,1048576,1,1,2.80,2.60,4.24,1433.03
1024,1048576,2,3,5.08,5.35,13.54,750.19
2048,1048576,3,4,7.45,6.28,16.24,1155.57
4096,1048576,5,6,10.96,11.17,14.35,1390.36
8128,1048576,9,10,18.48,21.17,29.75,1463.31
8192,1048576,9,10,21.17,18.56,23.47,1750.38
16384,1048576,18,19,28.36,35.34,42.89,1812.60
32768,1048576,35,36,51.65,72.69,83.90,1798.28
65536,1048576,69,70,99.33,140.78,146.95,1821.29
81920,1048576,86,87,139.80,173.07,190.09,1880.46
